---
title: "Ubuntu 22.04 LTS Linux Server dmesg 분석"
date: 2025-07-16
tags: [ubuntu, linux, 2204, lts, dmesg]
---

# dmesg 로그란 무엇인가?
dmesg는 Linux 커널이 부팅 과정에서 생성하는 로그 메시지의 모음입니다. 이는 시스템이 시작될 때 하드웨어를 감지하고 초기화하는 과정, 드라이버(하드웨어를 제어하는 소프트웨어)를 로드하는 과정, 그리고 잠재적 오류나 경고를 기록합니다. 초보 운영자라면 dmesg를 "시스템의 부팅 일기장"으로 생각하세요. 이 로그를 통해 하드웨어가 제대로 작동하는지, 문제가 있는지 확인할 수 있습니다. 명령어로 dmesg를 입력하면 실시간으로 볼 수 있습니다.

본문에서 다룰 이 로그는 Ubuntu 22.04 LTS (Jammy Jellyfish) 버전의 Linux VM(가상 머신) 서버에서 나온 것입니다. VM 환경(VMware에서 실행됨)이기 때문에 물리적 서버와 달리 가상 하드웨어가 많아 보일 수 있습니다.

로그는 타임스탬프([0.000000]처럼 초 단위로 표시됨)로 시작되며, 부팅 초기부터 시스템이 안정될 때까지 순서대로 나열됩니다.

## 섹션 1: 커널 버전, 명령줄, 지원 CPU 목록 (부팅 초기 정보)
**로그 원본**
```
[    0.000000] kernel: Linux version 5.15.0-136-generic (buildd@lcy02-amd64-034) (gcc (Ubuntu 11.4.0-1ubuntu1~22.04) 11.4.0, GNU ld (GNU Binutils for Ubuntu) 2.38) #147-Ubuntu SMP Sat Mar 15 15:53:30 UTC 2025 (Ubuntu 5.15.0-136.147-generic 5.15.178)
[    0.000000] kernel: Command line: BOOT_IMAGE=/vmlinuz-5.15.0-136-generic root=/dev/mapper/ubuntu--vg-ubuntu--lv ro maybe-ubiquity ipv6.disable=1
[    0.000000] kernel: KERNEL supported cpus:
[    0.000000] kernel:   Intel GenuineIntel
[    0.000000] kernel:   AMD AuthenticAMD
[    0.000000] kernel:   Hygon HygonGenuine
[    0.000000] kernel:   Centaur CentaurHauls
[    0.000000] kernel:   zhaoxin   Shanghai  
[    0.000000] kernel: Disabled fast string operations
```

### 상세 설명
이 부분은 부팅의 맨 처음으로, Linux 커널 버전(5.15.0-136-generic)을 보여줍니다. "generic"은 일반 하드웨어 지원 커널을 의미하며, 빌드 도구(gcc, ld)와 날짜(2025년 3월)가 나옵니다. Command line은 부팅 옵션으로, 커널 이미지(/vmlinuz...), 루트 파일 시스템(LVM 기반 /dev/mapper...), 읽기 전용(ro) 모드, 설치 관련(maybe-ubiquity), IPv6 비활성화(ipv6.disable=1)를 지정합니다. 지원 CPU 목록은 Intel, AMD 등 주요 제조사를 나열합니다. "Disabled fast string operations"는 문자열 처리 최적화가 비활성화된 것을 나타냅니다.

**통찰과 비판적 검증**: 정상적입니다. 커널 버전은 Ubuntu 22.04 LTS의 안정 버전으로, 보안 패치(#147)가 적용되어 안전합니다. IPv6 비활성화는 네트워크 설정에 따라 유용하지만, 현대 인터넷에서 IPv6 지원이 표준이니 필요 시 grub 설정에서 제거하세요(재부팅 필요). fast string 비활성화는 VMware VM의 가상화 오버헤드로 성능 저하를 유발할 수 있으니, VMware Tools 업데이트로 완화하세요. 사실 기반으로, 빌드 날짜가 미래지만 시스템 클록과 맞아 문제없음.

### 섹션 2: 메모리 맵과 NX 보호 (RAM 초기화)
**로그 원본**
```
[    0.000000] kernel: BIOS-provided physical RAM map:
[    0.000000] kernel: BIOS-e820: [mem 0x0000000000000000-0x000000000009f3ff] usable
[    0.000000] kernel: BIOS-e820: [mem 0x000000000009f400-0x000000000009ffff] reserved
[    0.000000] kernel: BIOS-e820: [mem 0x00000000000dc000-0x00000000000fffff] reserved
[    0.000000] kernel: BIOS-e820: [mem 0x0000000000100000-0x00000000bfeeffff] usable
[    0.000000] kernel: BIOS-e820: [mem 0x00000000bfef0000-0x00000000bfefefff] ACPI data
[    0.000000] kernel: BIOS-e820: [mem 0x00000000bfeff000-0x00000000bfefffff] ACPI NVS
[    0.000000] kernel: BIOS-e820: [mem 0x00000000bff00000-0x00000000bfffffff] usable
[    0.000000] kernel: BIOS-e820: [mem 0x00000000f0000000-0x00000000f7ffffff] reserved
[    0.000000] kernel: BIOS-e820: [mem 0x00000000fec00000-0x00000000fec0ffff] reserved
[    0.000000] kernel: BIOS-e820: [mem 0x00000000fee00000-0x00000000fee00fff] reserved
[    0.000000] kernel: BIOS-e820: [mem 0x00000000fffe0000-0x00000000ffffffff] reserved
[    0.000000] kernel: BIOS-e820: [mem 0x0000000100000000-0x000000083fffffff] usable
[    0.000000] kernel: NX (Execute Disable) protection: active
```

**상세 설명**: BIOS가 제공한 메모리 맵(E820 테이블)으로, RAM 영역을 "usable"(사용 가능), "reserved"(예약), "ACPI data/NVS"(전원 관리 데이터)로 분류합니다. 총 usable RAM은 약 32GB(0x00000000-0x83fffffff)입니다. NX 보호는 메모리 실행 방지 보안 기능입니다.

**통찰과 비판적 검증**: 정상입니다. 메모리 영역이 제대로 매핑되어 손실 없음. VM 환경에서 32GB 할당으로 보이니, 실제 사용 시 `free -h`로 확인하세요. NX active는 보안상 좋으나, 오래된 소프트웨어 호환성 문제 발생 가능(드물음). 사실 기반으로, reserved 영역이 많아 VM 오버헤드일 수 있음.

### 섹션 3: SMBIOS, DMI, VMware 하이퍼바이저 감지
**로그 원본**
```
[    0.000000] kernel: SMBIOS 2.7 present.
[    0.000000] kernel: DMI: VMware, Inc. VMware Virtual Platform/440BX Desktop Reference Platform, BIOS 6.00 12/12/2018
[    0.000000] kernel: vmware: hypercall mode: 0x00
[    0.000000] kernel: Hypervisor detected: VMware
[    0.000000] kernel: vmware: TSC freq read from hypervisor : 3292.067 MHz
[    0.000000] kernel: vmware: Host bus clock speed read from hypervisor : 66000000 Hz
[    0.000000] kernel: vmware: using clock offset of 7996632834 ns
[    0.000018] kernel: tsc: Detected 3292.067 MHz processor
```

**상세 설명**: SMBIOS(시스템 정보)와 DMI(데스크톱 관리 인터페이스)가 VMware VM 플랫폼을 감지합니다. 하이퍼바이저(VMware)가 확인되고, TSC(Timestamp Counter) 주파수(3.29GHz), 호스트 버스 클럭(66MHz), 클럭 오프셋이 설정됩니다.

**통찰과 비판적 검증**: 정상입니다. VMware가 제대로 감지되어 가상화 최적화됩니다. TSC freq는 CPU 속도와 맞아 안정적. 비판적으로, VM 클럭 오프셋이 크니 시간 동기화 문제 발생 가능(ntpd나 chrony 사용 추천). 사실 기반으로, BIOS 버전(2018)이 오래되어 최신 VMware 업데이트 고려.

(이어서 나머지 섹션 설명. 로그가 길어 전체를 커버하기 위해 요약 그룹화.)

### 섹션 4: 메모리 최적화와 MTRR 설정
**로그 원본**
```
[    0.002061] kernel: e820: update [mem 0x00000000-0x00000fff] usable ==> reserved
[    0.002064] kernel: e820: remove [mem 0x000a0000-0x000fffff] usable
[    0.002070] kernel: last_pfn = 0x840000 max_arch_pfn = 0x400000000
[    0.002119] kernel: x86/PAT: Configuration [0-7]: WB  WC  UC- UC  WB  WP  UC- WT  
[    0.002142] kernel: total RAM covered: 64512M
[    0.002274] kernel: Found optimal setting for mtrr clean up
[    0.002275] kernel:  gran_size: 64K         chunk_size: 64K         num_reg: 6          lose cover RAM: 0G
[    0.002352] kernel: e820: update [mem 0xc0000000-0xffffffff] usable ==> reserved
[    0.002361] kernel: last_pfn = 0xc0000 max_arch_pfn = 0x400000000
```

**상세 설명**: 메모리 맵 업데이트로 일부 영역을 reserved로 변경합니다. MTRR(Memory Type Range Registers) 최적화로 메모리 타입(WB: Write-Back 등)을 설정합니다. 총 RAM 64GB 커버, 손실 0G.

**통찰과 비판적 검증**: 정상입니다. MTRR clean up이 최적화되어 메모리 효율 좋음. 비판적으로, VM에서 64GB 커버지만 가용 32GB로, 할당 증가 고려. 사실 기반으로, PAT 설정이 표준.

### 섹션 5: SMP 테이블, RAMDISK, ACPI 테이블
**로그 원본**
```
[    0.014189] kernel: found SMP MP-table at [mem 0x000f6a80-0x000f6a8f]
[    0.014871] kernel: RAMDISK: [mem 0x2b509000-0x31a7bfff]
[    0.014878] kernel: ACPI: Early table checksum verification disabled
[    0.014883] kernel: ACPI: RSDP 0x00000000000F6A10 000024 (v02 PTLTD )
[    0.014888] kernel: ACPI: XSDT 0x00000000BFEF00BF 00005C (v01 INTEL  440BX    06040000 VMW  01324272)
[    0.014895] kernel: ACPI: FACP 0x00000000BFEFEE73 0000F4 (v04 INTEL  440BX    06040000 PTL  000F4240)
... (ACPI 테이블 나열: DSDT, FACS, BOOT, APIC, MCFG, SRAT, HPET, WAET)
[    0.014945] kernel: ACPI: Reserving FACP table memory at [mem 0xbfefee73-0xbfefef66]
... (테이블 메모리 예약 나열)
```

**상세 설명**: SMP MP-table은 다중 프로세서 설정. RAMDISK는 초기 디스크 이미지. ACPI 테이블(RSDP, XSDT 등)은 전원/하드웨어 관리 구조로, VMware 특정 테이블(FACP, DSDT 등)이 로드됩니다. 테이블 메모리를 예약합니다.

**통찰과 비판적 검증**: 정상입니다. checksum verification disabled는 ACPI 오류 방지. 비판적으로, VMware BIOS(440BX)가 오래되어 호환성 문제 가능. 사실 기반으로, 테이블 예약이 제대로 되어 부팅 안정.

### 섹션 6: SRAT과 NUMA 노드 설정
**로그 원본**
```
[    0.015048] kernel: SRAT: PXM 0 -> APIC 0x00 -> Node 0
[    0.015051] kernel: SRAT: PXM 0 -> APIC 0x02 -> Node 0
[    0.015053] kernel: SRAT: PXM 0 -> APIC 0x04 -> Node 0
[    0.015054] kernel: SRAT: PXM 0 -> APIC 0x06 -> Node 0
[    0.015056] kernel: ACPI: SRAT: Node 0 PXM 0 [mem 0x00000000-0x0009ffff]
[    0.015059] kernel: ACPI: SRAT: Node 0 PXM 0 [mem 0x00100000-0xbfffffff]
[    0.015060] kernel: ACPI: SRAT: Node 0 PXM 0 [mem 0x100000000-0x83fffffff]
[    0.015063] kernel: NUMA: Node 0 [mem 0x00000000-0x0009ffff] + [mem 0x00100000-0xbfffffff] -> [mem 0x00000000-0xbfffffff]
[    0.015065] kernel: NUMA: Node 0 [mem 0x00000000-0xbfffffff] + [mem 0x100000000-0x83fffffff] -> [mem 0x00000000-0x83fffffff]
[    0.015075] kernel: NODE_DATA(0) allocated [mem 0x83ffc1000-0x83ffeafff]
```

**상세 설명**: SRAT(System Resource Affinity Table)으로 NUMA 노드(Node 0)를 설정. APIC(인터럽트 컨트롤러) 매핑과 메모리 범위를 합칩니다.

**통찰과 비판적 검증**: 정상입니다. 단일 노드(Node 0)로 효율적. 비판적으로, 다중 노드 시스템에서 성능 저하 가능하지만, 4코어 VM에 적합. 사실 기반으로, 메모리 병합이 완벽.

### 섹션 7: 메모리 존과 노드 초기화
**로그 원본**
```
[    0.015673] kernel: Zone ranges:
[    0.015675] kernel:   DMA      [mem 0x0000000000001000-0x0000000000ffffff]
[    0.015678] kernel:   DMA32    [mem 0x0000000001000000-0x00000000ffffffff]
[    0.015679] kernel:   Normal   [mem 0x0000000100000000-0x000000083fffffff]
[    0.015681] kernel:   Device   empty
[    0.015682] kernel: Movable zone start for each node
[    0.015685] kernel: Early memory node ranges
[    0.015686] kernel:   node   0: [mem 0x0000000000001000-0x000000000009efff]
[    0.015688] kernel:   node   0: [mem 0x0000000000100000-0x00000000bfeeffff]
[    0.015689] kernel:   node   0: [mem 0x00000000bff00000-0x00000000bfffffff]
[    0.015690] kernel:   node   0: [mem 0x0000000100000000-0x000000083fffffff]
[    0.015695] kernel: Initmem setup node 0 [mem 0x0000000000001000-0x000000083fffffff]
[    0.015733] kernel: On node 0, zone DMA: 1 pages in unavailable ranges
[    0.016080] kernel: On node 0, zone DMA: 97 pages in unavailable ranges
[    0.087610] kernel: On node 0, zone DMA32: 16 pages in unavailable ranges
```

**상세 설명**: 메모리 존(DMA: 저주소, DMA32: 32비트, Normal: 고주소)을 정의. 노드 0의 메모리 범위 초기화와 unavailable 페이지(사용 불가)를 보고합니다.

**통찰과 비판적 검증**: 정상입니다. unavailable 페이지가 적어 메모리 낭비 적음. 비판적으로, VM에서 DMA 존이 제한적일 수 있으니 오래된 하드웨어 에뮬레이션 문제. 사실 기반으로, Device 존 empty는 VM에 적합.

### 섹션 8: ACPI PM, LAPIC NMI, IOAPIC 설정
**로그 원본**
```
[    0.683972] kernel: ACPI: PM-Timer IO Port: 0x1008
[    0.684003] kernel: ACPI: LAPIC_NMI (acpi_id[0x00] high edge lint[0x1])
[    0.684008] kernel: ACPI: LAPIC_NMI (acpi_id[0x01] high edge lint[0x1])
[    0.684012] kernel: ACPI: LAPIC_NMI (acpi_id[0x02] high edge lint[0x1])
[    0.684015] kernel: ACPI: LAPIC_NMI (acpi_id[0x03] high edge lint[0x1])
[    0.684119] kernel: IOAPIC[0]: apic_id 1, version 17, address 0xfec00000, GSI 0-23
[    0.684129] kernel: ACPI: INT_SRC_OVR (bus 0 bus_irq 0 global_irq 2 high edge)
[    0.684139] kernel: ACPI: Using ACPI (MADT) for SMP configuration information
[    0.684144] kernel: ACPI: HPET id: 0x8086af01 base: 0xfed00000
[    0.684153] kernel: TSC deadline timer available
```

**상세 설명**: ACPI 타이머 포트, LAPIC NMI(Non-Maskable Interrupt) 설정으로 CPU별 인터럽트 처리. IOAPIC은 인터럽트 컨트롤러, INT_SRC_OVR은 IRQ 오버라이드. MADT는 SMP 정보, HPET은 고정밀 타이머, TSC deadline은 타이머 모드입니다.

**통찰과 비판적 검증**: 정상입니다. 인터럽트 설정이 제대로 되어 IRQ 충돌 없음. 비판적으로, HPET 사용은 VM에서 시간 지연 유발 가능(guest-host 동기화). 사실 기반으로, TSC available은 정확한 타이밍 보장.

(로그 길이로 인해 나머지 섹션 요약. 전체 커버를 위해 비슷한 형식으로 계속.)

### 섹션 9: SMP 부팅과 CPU 활성화
**로그 원본**
```
[    0.684186] kernel: smpboot: Allowing 4 CPUs, 0 hotplug CPUs
[    0.999793] kernel: smpboot: CPU0: Intel(R) Xeon(R) CPU E5-2667 v2 @ 3.30GHz (family: 0x6, model: 0x3e, stepping: 0x4)
[    1.007858] kernel: x86: Booting SMP configuration:
[    1.008257] kernel: .... node  #0, CPUs:      #1
[    0.021653] kernel: Disabled fast string operations
[    0.021653] kernel: smpboot: CPU 1 Converting physical 2 to logical package 1
[    0.021653] kernel: smpboot: CPU 1 Converting physical 0 to logical die 1
[    1.010186] kernel:  #2
[    0.021653] kernel: Disabled fast string operations
[    0.021653] kernel: smpboot: CPU 2 Converting physical 4 to logical package 2
[    0.021653] kernel: smpboot: CPU 2 Converting physical 0 to logical die 2
[    1.013632] kernel:  #3
[    0.021653] kernel: Disabled fast string operations
[    0.021653] kernel: smpboot: CPU 3 Converting physical 6 to logical package 3
[    0.021653] kernel: smpboot: CPU 3 Converting physical 0 to logical die 3
[    1.016460] kernel: smp: Brought up 1 node, 4 CPUs
[    1.016460] kernel: smpboot: Max logical packages: 4
[    1.016460] kernel: smpboot: Total of 4 processors activated (26336.53 BogoMIPS)
```

**상세 설명**: SMP 부팅으로 4개 CPU 활성화. 각 CPU가 logical package/die로 매핑. BogoMIPS는 성능 지표.

**통찰과 비판적 검증**: 정상입니다. 4코어 활성화 성공. fast string disabled 반복은 VM 특성. 비판적으로, HT off로 성능 잠재력 미사용. 사실 기반으로, BogoMIPS 합계가 CPU 속도와 맞음.

### 섹션 10: devtmpfs 초기화와 기본 파일 시스템/네트워크 설정
**로그 원본**
```
[    1.020237] kernel: devtmpfs: initialized
[    1.020237] kernel: x86/mm: Memory block size: 128MB
[    1.027610] kernel: ACPI: PM: Registering ACPI NVS region [mem 0xbfeff000-0xbfefffff] (4096 bytes)
[    1.027809] kernel: clocksource: jiffies: mask: 0xffffffff max_cycles: 0xffffffff, max_idle_ns: 7645041785100000 ns
[    1.027982] kernel: futex hash table entries: 1024 (order: 4, 65536 bytes, linear)
[    1.028162] kernel: pinctrl core: initialized pinctrl subsystem
[    1.028541] kernel: PM: RTC time: 06:54:06, date: 2025-07-10
[    1.028980] kernel: NET: Registered PF_NETLINK/PF_ROUTE protocol family
```

**상세 설명**: devtmpfs(임시 디바이스 파일 시스템)가 초기화되어 /dev 디렉토리를 준비합니다. 메모리 블록 크기 128MB 설정. ACPI NVS(Non-Volatile Storage) 영역(4KB) 등록으로 전원 상태 저장. jiffies 클럭소스(기본 타이머) 초기화. futex(빠른 사용자 공간 락) 해시 테이블 1024 엔트리. pinctrl은 핀 컨트롤(하드웨어 핀 설정) 서브시스템. RTC(Real-Time Clock) 시간 2025-07-10 06:54:06 설정. PF_NETLINK/PF_ROUTE는 네트워크 프로토콜 가족 등록(라우팅 관련).

**통찰과 비판적 검증**: 정상적입니다. devtmpfs 초기화는 부팅 필수로, 디바이스 노드 자동 생성. RTC time이 현재 날짜(2025-07-16)보다 6일 과거이니, 시스템 클록이 동기화되지 않았을 수 있습니다(NTP 서비스 미작동 또는 VM 호스트 클록 문제). 비판적으로, jiffies max_idle_ns가 크지만 VM에서 시간 지연 발생 가능; chrony나 ntpd로 클록 동기화 추천. 사실 기반으로 (Linux 문서 참조), futex 테이블 크기(order 4)는 4코어 시스템에 적합; 문제없음.

### 섹션 11: DMA 풀 할당과 감사/열 관리
**로그 원본**
```
[    1.033621] kernel: DMA: preallocated 4096 KiB GFP_KERNEL pool for atomic allocations
[    1.034228] kernel: DMA: preallocated 4096 KiB GFP_KERNEL|GFP_DMA pool for atomic allocations
[    1.034839] kernel: DMA: preallocated 4096 KiB GFP_KERNEL|GFP_DMA32 pool for atomic allocations
[    1.034956] kernel: audit: initializing netlink subsys (disabled)
[    1.035088] kernel: audit: type=2000 audit(1752130446.116:1): state=initialized audit_enabled=0 res=1
[    1.035088] kernel: thermal_sys: Registered thermal governor 'fair_share'
[    1.035088] kernel: thermal_sys: Registered thermal governor 'bang_bang'
[    1.035488] kernel: thermal_sys: Registered thermal governor 'step_wise'
[    1.035564] kernel: thermal_sys: Registered thermal governor 'user_space'
[    1.035640] kernel: thermal_sys: Registered thermal governor 'power_allocator'
```

**상세 설명**: DMA(Direct Memory Access) 풀 4KB씩 3개 사전 할당(GFP_KERNEL: 일반, GFP_DMA: DMA 전용, GFP_DMA32: 32비트 DMA). audit netlink 서브시스템 초기화(비활성화 상태), 감사 상태 초기화(audit_enabled=0). thermal governor 등록(fair_share: 공정 공유, bang_bang: 온/오프, step_wise: 단계적, user_space: 사용자 제어, power_allocator: 전력 할당)으로 CPU 온도 관리.

**통찰과 비판적 검증**: 정상적입니다. DMA 풀은 인터럽트 중 메모리 할당 안정화. audit disabled는 기본 설정으로, 필요 시 /etc/audit/auditd.conf에서 활성화. 비판적으로, VM에서 thermal governor가 호스트 의존적이라 온도 모니터링(tools like lm-sensors) 제한될 수 있음. 사실 기반으로 (커널 문서 참조), 풀 크기 4KB는 표준; audit type=2000은 첫 로그로 성공.

### 섹션 12: EISA 버스, CPU 아이들, ACPI PCI, kprobes
**로그 원본**
```
[    1.035736] kernel: EISA bus registered
[    1.035878] kernel: cpuidle: using governor ladder
[    1.035941] kernel: cpuidle: using governor menu
[    1.036132] kernel: Simple Boot Flag at 0x36 set to 0x80
[    1.036212] kernel: ACPI: bus type PCI registered
[    1.036272] kernel: acpiphp: ACPI Hot Plug PCI Controller Driver version: 0.5
[    1.036659] kernel: PCI: MMCONFIG for domain 0000 [bus 00-7f] at [mem 0xf0000000-0xf7ffffff] (base 0xf0000000)
[    1.036776] kernel: PCI: MMCONFIG at [mem 0xf0000000-0xf7ffffff] reserved in E820
[    1.036891] kernel: PCI: Using configuration type 1 for base access
[    1.037276] kernel: core: PMU erratum BJ122, BV98, HSD29 workaround disabled, HT off
[    1.042171] kernel: kprobes: kprobe jump-optimization is enabled. All kprobes are optimized if possible.
```

**상세 설명**: EISA 버스(오래된 ISA 확장) 등록. cpuidle governor(ladder: 간단, menu: 메뉴 기반)로 CPU 아이들 상태 관리. Simple Boot Flag 0x80 설정(부팅 모드). ACPI PCI 버스 등록, acpiphp 핫플러그 드라이버 0.5. MMCONFIG(PCI 구성 공간) 128MB 영역 예약. configuration type 1(기본 접근). PMU erratum 비활성화(특정 CPU 버그 워크어라운드, HT off). kprobes(커널 프로브) 점프 최적화 활성화.

**통찰과 비판적 검증**: 정상적입니다. EISA는 레거시 지원으로 무시 가능. HT off는 성능 저하 유발(VM 설정에서 HT on 고려). 비판적으로, PMU erratum disabled는 Intel Xeon E5에서 발생하는 문제로, HT on 시 안정성 영향 가능. 사실 기반으로 (커널 문서 참조), kprobes enabled는 디버깅 유용; type 1은 표준 PCI 접근.

### 섹션 13: HugeTLB, ACPI OSI 추가
**로그 원본**
```
[    1.042337] kernel: HugeTLB registered 2.00 MiB page size, pre-allocated 0 pages
[    1.043667] kernel: ACPI: Added _OSI(Module Device)
[    1.043730] kernel: ACPI: Added _OSI(Processor Device)
[    1.047494] kernel: ACPI: Added _OSI(3.0 _SCP Extensions)
[    1.047559] kernel: ACPI: Added _OSI(Processor Aggregator Device)
[    1.047630] kernel: ACPI: Added _OSI(Linux-Dell-Video)
[    1.047692] kernel: ACPI: Added _OSI(Linux-Lenovo-NV-HDMI-Audio)
[    1.047761] kernel: ACPI: Added _OSI(Linux-HPI-Hybrid-Graphics)
[    1.083522] kernel: ACPI: 1 ACPI AML tables successfully acquired and loaded
[    1.088369] kernel: ACPI: [Firmware Bug]: BIOS _OSI(Linux) query ignored
[    1.098502] kernel: ACPI: Interpreter enabled
[    1.098587] kernel: ACPI: PM: (supports S0 S1 S4 S5)
[    1.098648] kernel: ACPI: Using IOAPIC for interrupt routing
[    1.098774] kernel: PCI: Using host bridge windows from ACPI; if necessary, use "pci=nocrs" and report a bug
[    1.098886] kernel: PCI: Using E820 reservations for host bridge windows
[    1.100543] kernel: ACPI: Enabled 4 GPEs in block 00 to 0F
```

**상세 설명**: HugeTLB(큰 페이지) 2MB 등록(0 페이지 사전 할당). ACPI OSI(Operating System Interface) 추가(Module Device 등, 벤더 특정). AML 테이블 1개 로드. BIOS 버그로 _OSI(Linux) 쿼리 무시. ACPI 인터프리터 활성화, PM 지원(S0~S5 수면 모드). IOAPIC 인터럽트 라우팅. PCI 호스트 브리지 ACPI 창 사용. GPE(General Purpose Event) 4개 활성화.

**통찰과 비판적 검증**: 정상적입니다. HugeTLB는 메모리 효율 향상. _OSI ignored는 VMware BIOS 버그로 일반적(문제없음). 비판적으로, S0~S5 지원하지만 VM에서 수면 모드 사용 제한. 사실 기반으로 (ACPI 스펙 참조), GPE enabled는 이벤트 처리 준비; pci=nocrs 옵션 제안은 잠재 버그 보고 추천.

### 섹션 14: PCI 루트 브리지 설정과 _OSC 기능 협상
**로그 원본:**
```
[    1.229425] kernel: ACPI: PCI Root Bridge [PCI0] (domain 0000 [bus 00-7f])
[    1.229528] kernel: acpi PNP0A03:00: _OSC: OS supports [ExtendedConfig ASPM ClockPM Segments MSI EDR HPX-Type3]
[    1.230198] kernel: acpi PNP0A03:00: _OSC: platform does not support [AER LTR DPC]
[    1.230917] kernel: acpi PNP0A03:00: _OSC: OS now controls [PCIeHotplug SHPCHotplug PME PCIeCapability]
[    1.235288] kernel: PCI host bridge to bus 0000:00
[    1.235351] kernel: pci_bus 0000:00: root bus resource [bus 00-7f]
[    1.235425] kernel: pci_bus 0000:00: root bus resource [io  0x0000-0x0cf7 window]
[    1.235486] kernel: pci_bus 0000:00: root bus resource [io  0x0d00-0xfeff window]
[    1.235571] kernel: pci_bus 0000:00: root bus resource [mem 0x000a0000-0x000bffff window]
[    1.235667] kernel: pci_bus 0000:00: root bus resource [mem 0x000d0000-0x000dbfff window]
[    1.235762] kernel: pci_bus 0000:00: root bus resource [mem 0xc0000000-0xfebfffff window]
```

**상세 설명**: ACPI를 통해 PCI 루트 브리지 [PCI0]를 domain 0000으로 설정하고, bus 범위를 00-7f로 정의합니다. _OSC(Object Support Control) 메서드로 OS가 지원하는 기능(ExtendedConfig: 확장 구성, ASPM: Active State Power Management, ClockPM: 클럭 전력 관리 등)을 BIOS에 알립니다. 플랫폼이 지원하지 않는 기능(AER: Advanced Error Reporting, LTR: Latency Tolerance Reporting, DPC: Downstream Port Containment)은 제외되고, OS가 PCIeHotplug(핫플러그), SHPCHotplug(표준 핫플러그), PME(Power Management Event), PCIeCapability(PCIe 기능)를 제어하게 됩니다. PCI 호스트 브리지를 bus 0000:00에 연결하고, 루트 bus 리소스를 IO 포트(0x0000-0x0cf7, 0x0d00-0xfeff)와 메모리 영역(0x000a0000-0x000bffff 등)으로 할당합니다.

**이해 쉽게 풀어쓰기**: PCI 루트 브리지는 컴퓨터의 모든 PCI 장치(그래픽 카드, 네트워크 카드 등)를 연결하는 '뿌리' 역할을 합니다. 여기서 OS와 BIOS가 "내가 이 기능을 할 수 있어"라고 협상하는 과정(_OSC)이 일어나며, OS가 전력 관리나 핫플러그 같은 중요한 부분을 맡게 됩니다. 리소스 할당은 장치들이 사용할 '주소 공간'을 미리 나누는 것입니다. 예를 들어, IO window는 입력/출력 포트, mem window는 메모리 주소입니다.

**사실 기반과 비판적 검증**: ACPI 스펙(ACPI 6.0 섹션 6.2.11)에 따라 _OSC는 OS와 펌웨어 간 기능 분담을 정의합니다. 지원되지 않는 AER 등은 에러 보고 기능이 제한될 수 있으니, VMware 설정에서 PCIe 에러 핸들링을 확인하세요. 비판적으로, VM 환경에서 _OSC 협상이 호스트에 의존적이라 실제 하드웨어와 다를 수 있습니다 – 만약 에러가 자주 발생하면 "acpi=off" 부팅 파라미터로 테스트하세요. 이는 안정성을 높이지만 전력 관리 기능을 잃을 위험이 있습니다.

### 섹션 15: 주요 PCI 장치 감지 (Intel 및 VMware 기반)
**로그 원본:**
```
[    1.236286] kernel: pci 0000:00:00.0: [8086:7190] type 00 class 0x060000
[    1.238084] kernel: pci 0000:00:01.0: [8086:7191] type 01 class 0x060400
[    1.240435] kernel: pci 0000:00:07.0: [8086:7110] type 00 class 0x060100
[    1.241839] kernel: pci 0000:00:07.1: [8086:7111] type 00 class 0x01018a
[    1.244476] kernel: pci 0000:00:07.1: reg 0x20: [io  0x1060-0x106f]
[    1.245860] kernel: pci 0000:00:07.1: legacy IDE quirk: reg 0x10: [io  0x01f0-0x01f7]
[    1.246012] kernel: pci 0000:00:07.1: legacy IDE quirk: reg 0x14: [io  0x03f6]
[    1.246149] kernel: pci 0000:00:07.1: legacy IDE quirk: reg 0x18: [io  0x0170-0x0177]
[    1.246300] kernel: pci 0000:00:07.1: legacy IDE quirk: reg 0x1c: [io  0x0376]
[    1.247669] kernel: pci 0000:00:07.3: [8086:7113] type 00 class 0x068000
[    1.251515] kernel: pci 0000:00:07.3: quirk: [io  0x1000-0x103f] claimed by PIIX4 ACPI
[    1.251697] kernel: pci 0000:00:07.3: quirk: [io  0x1040-0x104f] claimed by PIIX4 SMB
[    1.252799] kernel: pci 0000:00:07.7: [15ad:0740] type 00 class 0x088000
[    1.254049] kernel: pci 0000:00:07.7: reg 0x10: [io  0x1080-0x10bf]
[    1.255200] kernel: pci 0000:00:07.7: reg 0x14: [mem 0xfebfe000-0xfebfffff 64bit]
[    1.262864] kernel: pci 0000:00:0f.0: [15ad:0405] type 00 class 0x030000
[    1.264281] kernel: pci 0000:00:0f.0: reg 0x10: [io  0x1070-0x107f]
[    1.265871] kernel: pci 0000:00:0f.0: reg 0x14: [mem 0xe8000000-0xefffffff pref]
[    1.267487] kernel: pci 0000:00:0f.0: reg 0x18: [mem 0xfe000000-0xfe7fffff]
[    1.272988] kernel: pci 0000:00:0f.0: reg 0x30: [mem 0x00000000-0x00007fff pref]
[    1.273132] kernel: pci 0000:00:0f.0: Video device with shadowed ROM at [mem 0x000c0000-0x000dffff]
[    1.274454] kernel: pci 0000:00:10.0: [1000:0030] type 00 class 0x010000
[    1.275487] kernel: pci 0000:00:10.0: reg 0x10: [io  0x1400-0x14ff]
[    1.276539] kernel: pci 0000:00:10.0: reg 0x14: [mem 0xfeba0000-0xfebbffff 64bit]
[    1.277601] kernel: pci 0000:00:10.0: reg 0x1c: [mem 0xfebc0000-0xfebdffff 64bit]
[    1.279486] kernel: pci 0000:00:10.0: reg 0x30: [mem 0x00000000-0x00003fff pref]
[    1.281050] kernel: pci 0000:00:11.0: [15ad:0790] type 01 class 0x060401
[    1.283301] kernel: pci 0000:00:15.0: [15ad:07a0] type 01 class 0x060400
[    1.284099] kernel: pci 0000:00:15.0: PME# supported from D0 D3hot D3cold
... (00:15.1 ~ 00:18.7까지 VMware PCI 브리지 반복, PME supported)
```

**상세 설명**: PCI 장치들을 스캔하여 벤더 ID[8086: Intel, 15ad: VMware, 1000: LSI]와 클래스 코드를 식별합니다. 00:00.0은 Intel 440BX 호스트 브리지(클래스 0x060000), 00:01.0은 PCI-to-PCI 브리지(0x060400), 00:07.0은 ISA 브리지(0x060100), 00:07.1은 IDE 컨트롤러(0x01018a, legacy ATA 포트 quirk으로 표준 IO 주소 할당), 00:07.3은 브리지(0x068000, PIIX4 ACPI/SMB quirk으로 IO 영역 예약), 00:07.7은 VMware 시스템 장치(0x088000, IO/mem reg), 00:0f.0은 VMware VGA(0x030000, shadowed ROM으로 BIOS 복사), 00:10.0은 LSI SCSI 컨트롤러(0x010000, IO/mem reg), 00:11.0은 VMware PCI 브리지(0x060401), 00:15.0~00:18.7은 다수의 VMware PCIe 브리지(0x060400, PME for 전력 이벤트 지원).

**이해 쉽게 풀어쓰기**: 이 부분은 컴퓨터 내부 장치들을 '인벤토리'처럼 나열하는 과정입니다. Intel 칩셋은 기본 뼈대, VMware 장치는 가상 머신 특유의 에뮬레이션(예: VGA는 화면 출력, SCSI는 디스크 연결)입니다. quirk는 오래된 장치 호환성을 위한 '특별 대처'로, 예를 들어 IDE quirk은 하드디스크 포트 주소를 고정합니다. PME supported는 장치가 절전 모드에서 깨울 수 있음을 의미합니다.

**사실 기반과 비판적 검증**: PCI 클래스 코드(PCI SIG 스펙 참조)는 장치 유형 분류로 정확합니다. legacy IDE quirk은 ATA 표준(ATA-1부터) 호환성을 위해 필요하나, 현대 시스템에서 느린 PATA 대신 SATA로 전환하면 I/O 성능이 향상됩니다. 비판적으로, VMware 중심 장치가 많아 실제 하드웨어와 다르니 벤치마크 시 VM 오버헤드(예: VGA shadowed ROM 복사로 지연)를 고려하세요. 만약 SCSI 오류가 발생하면 LSI 드라이버(mptscsih) 확인; 사실상 VM에서 안정적이지만, 호스트 자원 공유로 병목 가능합니다.

### 섹션 16: PCI bus 확장과 핫플러그 슬롯 등록
**로그 원본:**
```
[    1.346767] kernel: pci_bus 0000:01: extended config space not accessible
[    1.353025] kernel: pci 0000:00:01.0: PCI bridge to [bus 01]
[    1.353278] kernel: pci_bus 0000:02: extended config space not accessible
[    1.353970] kernel: acpiphp: Slot [32] registered
... (Slot [33] ~ [63] registered 반복)
[    1.357724] kernel: pci 0000:02:01.0: [15ad:07e0] type 00 class 0x010601
[    1.360664] kernel: pci 0000:02:01.0: reg 0x24: [mem 0xfd5ff000-0xfd5fffff]
[    1.361214] kernel: pci 0000:02:01.0: reg 0x30: [mem 0x00000000-0x0000ffff pref]
[    1.361651] kernel: pci 0000:02:01.0: PME# supported from D3hot
[    1.363684] kernel: pci 0000:02:02.0: [1000:0030] type 00 class 0x010000
[    1.364822] kernel: pci 0000:02:02.0: reg 0x10: [io  0x2000-0x20ff]
[    1.365916] kernel: pci 0000:02:02.0: reg 0x14: [mem 0xfd5a0000-0xfd5bffff 64bit]
[    1.367080] kernel: pci 0000:02:02.0: reg 0x1c: [mem 0xfd5c0000-0xfd5dffff 64bit]
[    1.368941] kernel: pci 0000:02:02.0: reg 0x30: [mem 0x00000000-0x00003fff pref]
[    1.376381] kernel: pci 0000:00:11.0: PCI bridge to [bus 02] (subtractive decode)
[    1.376487] kernel: pci 0000:00:11.0:   bridge window [io  0x2000-0x3fff]
[    1.376583] kernel: pci 0000:00:11.0:   bridge window [mem 0xfd500000-0xfdffffff]
[    1.376702] kernel: pci 0000:00:11.0:   bridge window [mem 0xe7b00000-0xe7ffffff 64bit pref]
[    1.376801] kernel: pci 0000:00:11.0:   bridge window [io  0x0000-0x0cf7 window] (subtractive decode)
... (subtractive decode 반복)
[    1.377769] kernel: pci 0000:03:00.0: [15ad:07b0] type 00 class 0x020000
[    1.379238] kernel: pci 0000:03:00.0: reg 0x10: [mem 0xfd4fc000-0xfd4fcfff]
[    1.380164] kernel: pci 0000:03:00.0: reg 0x14: [mem 0xfd4fd000-0xfd4fdfff]
[    1.381550] kernel: pci 0000:03:00.0: reg 0x18: [mem 0xfd4fe000-0xfd4fffff]
[    1.382937] kernel: pci 0000:03:00.0: reg 0x1c: [io  0x4000-0x400f]
[    1.386800] kernel: pci 0000:03:00.0: reg 0x30: [mem 0x00000000-0x0000ffff pref]
[    1.387308] kernel: pci 0000:03:00.0: supports D1 D2
[    1.387371] kernel: pci 0000:03:00.0: PME# supported from D0 D1 D2 D3hot D3cold
[    1.388997] kernel: pci 0000:03:00.0: disabling ASPM on pre-1.1 PCIe device.  You can enable it with 'pcie_aspm=force'
```

**상세 설명**: bus 01과 02의 extended config space(PCIe 확장 구성 영역)가 접근 불가합니다. 00:01.0 브리지가 bus 01 연결, 00:11.0 브리지가 bus 02 연결(subtractive decode: 하위 bus 리소스 상속). acpiphp로 슬롯 32~63을 등록하여 PCI 핫플러그 지원. bus 02에 VMware SATA 컨트롤러(0x010601, mem reg, PME), LSI SCSI(0x010000, IO/mem reg). bus 03에 VMware 이더넷(0x020000, mem/IO reg, D1/D2 절전, PME, ASPM disabled).

**이해 쉽게 풀어쓰기**: bus는 장치 그룹처럼 생각하세요. extended config inaccessible은 PCIe 고급 기능(예: 속도 조절)이 제한됨을 의미합니다. 슬롯 등록은 장치를 뽑고 꽂을 수 있게 준비하는 것입니다. bus 02는 디스크 연결(SATA/SCSI), bus 03은 네트워크 카드입니다. ASPM disabled는 전력 절약 기능이 꺼진 상태로, 'pcie_aspm=force'로 강제 켤 수 있습니다.

**사실 기반과 비판적 검증**: PCI 스펙(PCIe 1.1 이전 장치)으로 ASPM disabled는 호환성 위해 필요하나, 전력 소비 증가 요인입니다. subtractive decode(PCI 브리지 스펙 섹션 3.2.5)는 리소스 전달 방식으로 효율적. 비판적으로, VM에서 슬롯이 많아(32~63) 핫플러그 테스트 시 호스트 자원 초과 위험이 있음 – 실제 사용 시 vmware-tools 설치로 최적화하세요. 사실상, PME supported는 에너지 효율 좋으나, disabled ASPM으로 배터리 수명 단축 가능.

### 섹션 17: PCI 브리지 창 할당과 추가 bus 설정
**로그 원본:**
```
[    1.395059] kernel: pci 0000:00:15.0: PCI bridge to [bus 03]
[    1.395147] kernel: pci 0000:00:15.0:   bridge window [io  0x4000-0x4fff]
[    1.395243] kernel: pci 0000:00:15.0:   bridge window [mem 0xfd400000-0xfd4fffff]
... (00:15.1 ~ 00:18.7 브리지와 bus 04~22까지 window 할당 반복)
[    1.465399] kernel: pci 0000:00:16.0: PCI bridge to [bus 0b]
[    1.465491] kernel: pci 0000:00:16.0:   bridge window [io  0x5000-0x5fff]
[    1.465587] kernel: pci 0000:00:16.0:   bridge window [mem 0xfd300000-0xfd3fffff]
... (유사 반복, bus 0c~22)
```

**상세 설명**: 00:15.0~00:18.7 브리지가 bus 03~22를 연결하며, 각 브리지에 IO/mem/pref mem window를 할당합니다(예: bus 03 IO 0x4000-0x4fff, mem 0xfd400000-0xfd4fffff). 이는 하위 bus 장치가 사용할 주소 공간입니다. 추가로 0b:00.0 VMware 네트워크(유사 reg, ASPM disabled).

**이해 쉽게 풀어쓰기**: 브리지는 '다리'처럼 bus를 연결하고, window는 그 다리를 통해 전달되는 주소 범위입니다. pref mem은 우선 메모리(빠른 접근)입니다. 이 많은 브리지는 VM의 가상 확장성을 보여줍니다.

**사실 기반과 비판적 검증**: PCI 브리지 스펙(섹션 7.5)에 따라 window 할당은 리소스 분배입니다. 비판적으로, VM에서 bus가 과도하게 많아(00-7f) 메모리 낭비 가능 – 실제 필요 bus만 활성화하세요. 사실상, ASPM force 옵션은 전력 절약에 유용하나, 호환성 문제(크래시) 발생 시 피하세요.

### 섹션 18: ACPI 인터럽트 링크와 IOMMU/SCSI 초기화
**로그 원본:**
```
[    1.620008] kernel: ACPI: PCI: Interrupt link LNKA configured for IRQ 9
[    1.620255] kernel: ACPI: PCI: Interrupt link LNKB configured for IRQ 11
[    1.620500] kernel: ACPI: PCI: Interrupt link LNKC configured for IRQ 7
[    1.620748] kernel: ACPI: PCI: Interrupt link LNKD configured for IRQ 10
[    1.639152] kernel: iommu: Default domain type: Translated 
[    1.639152] kernel: iommu: DMA domain TLB invalidation policy: lazy mode 
[    1.639798] kernel: SCSI subsystem initialized
[    1.639906] kernel: libata version 3.00 loaded.
```

**상세 설명**: ACPI 인터럽트 링크(LNKA~LNKD)를 IRQ 9,11,7,10으로 매핑하여 PCI 장치 인터럽트 전달. iommu를 Translated 도메인(가상 주소 변환)으로 설정, TLB(Table Lookaside Buffer) 무효화 정책을 lazy(지연) 모드로. SCSI 서브시스템 초기화와 libata(ATA/SCSI 드라이버) 3.00 로드.

**이해 쉽게 풀어쓰기**: 인터럽트 링크는 장치가 "나 인터럽트 발생했어!"라고 신호할 때 사용하는 채널입니다. iommu는 DMA 보안(가상 머신 격리), lazy mode는 효율적 지연 처리입니다. SCSI/libata는 디스크 연결 드라이버입니다.

**사실 기반과 비판적 검증**: ACPI 스펙(섹션 6.2.13)에 IRQ 매핑은 표준. iommu lazy는 성능 좋으나 보안 취약(무효화 지연). 비판적으로, VM에서 SCSI 초기화가 느리면 호스트 디스크 설정 확인; 사실상 libata 3.00은 안정적이나 NVMe 전환으로 속도 향상 가능.

### 섹션 19: VGA/USB/타이밍/에러 감지 초기화
**로그 원본:**
```
[    1.639906] kernel: pci 0000:00:0f.0: vgaarb: setting as boot VGA device
[    1.639906] kernel: pci 0000:00:0f.0: vgaarb: VGA device added: decodes=io+mem,owns=io+mem,locks=none
[    1.639906] kernel: pci 0000:00:0f.0: vgaarb: bridge control possible
[    1.639906] kernel: vgaarb: loaded
[    1.639906] kernel: ACPI: bus type USB registered
[    1.639949] kernel: usbcore: registered new interface driver usbfs
[    1.640040] kernel: usbcore: registered new interface driver hub
[    1.640129] kernel: usbcore: registered new device driver usb
[    1.640241] kernel: pps_core: LinuxPPS API ver. 1 registered
[    1.640308] kernel: pps_core: Software ver. 5.3.6 - Copyright 2005-2007 Rodolfo Giometti <giometti@linux.it>
[    1.640421] kernel: PTP clock support registered
[    1.640556] kernel: EDAC MC: Ver: 3.0.0
[    1.640688] kernel: NetLabel: Initializing
[    1.640688] kernel: NetLabel:  domain hash size = 128
[    1.640688] kernel: NetLabel:  protocols = UNLABELED CIPSOv4 CALIPSO
[    1.640688] kernel: NetLabel:  unlabeled traffic allowed by default
[    1.640688] kernel: PCI: Using ACPI for IRQ routing
[    1.690206] kernel: PCI: pci_cache_line_size set to 64 bytes
```

**상세 설명**: VMware VGA(00:0f.0)를 부팅 VGA로 설정(vgaarb 로드, decodes/owns IO+mem). USB bus 등록과 드라이버(usbfs: 파일 시스템, hub: 허브, usb: 코어). PPS API 1(정밀 펄스)과 PTP(정밀 시간 프로토콜) 지원. EDAC MC 3.0.0(메모리 에러 감지). NetLabel 초기화(해시 128, 프로토콜 UNLABELED 등). PCI IRQ를 ACPI로 라우팅, cache line size 64바이트.

**이해 쉽게 풀어쓰기**: VGAarb는 화면 출력 장치를 관리, USB 드라이버는 키보드/마우스 연결 준비. PPS/PTP는 정확한 시간 동기(네트워크용), EDAC은 RAM 에러 체크, NetLabel은 네트워크 보안 라벨링입니다.

**사실 기반과 비판적 검증**: vgaarb(커널 문서 drivers/gpu/vga/vgaarb.c)는 다중 VGA 충돌 방지. PTP(IEEE 1588)는 나노초 정밀도. 비판적으로, VM VGA는 호스트 GPU 의존적이라 그래픽 성능 저하 – 파스스루 GPU 고려. unlabeled traffic allowed는 보안 취약; SELinux/AppArmor 강화 추천.

### 섹션 20: 메모리 예약과 HPET/클럭소스 전환
**로그 원본:**
```
[    1.691011] kernel: e820: reserve RAM buffer [mem 0x0009f400-0x0009ffff]
[    1.691018] kernel: e820: reserve RAM buffer [mem 0xbfef0000-0xbfffffff]
[    1.700578] kernel: hpet0: at MMIO 0xfed00000, IRQs 2, 8, 0, 0, 0, 0, 0, 0, 0, 0, 0, 0, 0, 0, 0, 0
[    1.700717] kernel: hpet0: 16 comparators, 64-bit 14.318180 MHz counter
[    1.703574] kernel: clocksource: Switched to clocksource tsc-early
[    1.816441] kernel: clocksource: tsc: mask: 0xffffffffffffffff max_cycles: 0x2f7406258e5, max_idle_ns: 440795230143 ns
[    1.816604] kernel: clocksource: Switched to clocksource tsc
```

**상세 설명**: e820 BIOS 메모리 맵으로 RAM 버퍼 예약(0x0009f400~0x0009ffff, 0xbfef0000~0xbfffffff). HPET(High Precision Event Timer) MMIO 매핑(0xfed00000, IRQ 2/8, 16 comparators, 14.318MHz). 클럭소스를 tsc-early로, 나중에 tsc로 전환(mask/full cycles/max idle ns 설정).

**이해 쉽게 풀어쓰기**: e820 예약은 메모리 영역 보호, HPET은 고정밀 타이머(시계처럼), tsc(Time Stamp Counter)는 CPU 내장 클럭으로 더 정확합니다.

**사실 기반과 비판적 검증**: e820(BIOS INT 15h AX=E820h)은 메모리 맵 표준. HPET(ACPI 섹션 5.2.13)은 64비트 카운터로 정밀. 비판적으로, tsc 전환은 좋으나 VM에서 호스트 클럭 변동으로 불안정 – `clocksource=acpi_pm` 대안 테스트. max_idle_ns는 아이들 효율 계산.

### 섹션 21: VFS/보안/PnP 시스템 초기화
**로그 원본:**
```
[    1.742189] kernel: VFS: Disk quotas dquot_6.6.0
[    1.742456] kernel: VFS: Dquot-cache hash table entries: 512 (order 0, 4096 bytes)
[    1.742952] kernel: AppArmor: AppArmor Filesystem Enabled
[    1.743101] kernel: pnp: PnP ACPI init
[    1.743595] kernel: system 00:00: [io  0x1000-0x103f] has been reserved
[    1.743676] kernel: system 00:00: [io  0x1040-0x104f] has been reserved
[    1.743755] kernel: system 00:00: [io  0x0cf0-0x0cf1] has been reserved
[    1.744441] kernel: system 00:04: [mem 0xfed00000-0xfed003ff] has been reserved
```

**상세 설명**: VFS(Virtual File System)에 디스크 쿼터(dquot_6.6.0)와 캐시(512 엔트리, 4KB) 추가. AppArmor 보안 모듈 파일 시스템 활성화. PnP(Plug and Play) ACPI 초기화, system 00:00/00:04에 IO/mem 영역 예약.

**이해 쉽게 풀어쓰기**: VFS 쿼터는 사용자 디스크 사용 제한, AppArmor는 프로그램 권한 제어(예: 악성코드 방지). PnP는 자동 장치 감지, 예약은 충돌 방지 주소입니다.

**사실 기반과 비판적 검증**: AppArmor(Ubuntu 기본)는 SELinux 대안으로 사실상 효과적. 비판적으로, 쿼터 캐시 작아(512) 대용량 시스템에서 확장 필요(/proc/sys/fs/quota). PnP 예약은 ACPI DSDT 기반; VM에서 IO 충돌 시 "pnpacpi=off" 테스트.

### 섹션 22: PCI 브리지 리소스 최종 할당 (중복 생략)
**로그 원본:**
```
[    1.796509] kernel: pci 0000:00:15.3:   bridge window [mem 0xfc800000-0xfc8fffff]
... (중복된 브리지 window 할당, BAR assigned, bus 리소스 나열 반복 생략)
[    1.815213] kernel: pci 0000:00:00.0: Limiting direct PCI/PCI transfers
[    1.816059] kernel: PCI: CLS 32 bytes, default 64
[    1.816131] kernel: PCI-DMA: Using software bounce buffering for IO (SWIOTLB)
[    1.816211] kernel: software IO TLB: mapped [mem 0x00000000bbef0000-0x00000000bfef0000] (64MB)
[    1.816255] kernel: Trying to unpack rootfs image as initramfs...
```

**상세 설명**: PCI 브리지 window 최종 할당(BAR 재할당 포함). direct PCI transfers 제한, CLS(Cache Line Size) 32바이트(기본 64). SWIOTLB(Software IO TLB)으로 DMA 바운스 버퍼 64MB 매핑. initramfs(rootfs 이미지) unpack 시도.

**이해 쉽게 풀어쓰기**: 브리지 주소 재조정, transfers limiting은 안정성 위해. SWIOTLB은 DMA 메모리 복사 버퍼, initramfs는 초기 파일 시스템 압축 해제입니다.

**사실 기반과 비판적 검증**: SWIOTLB(커널 dma/swiotlb.c)은 32비트 DMA 제한 우회. 비판적으로, 64MB는 기본이나 IO-intensive 시 증가 필요(CONFIG_SWIOTLB_DYNAMIC). CLS 32는 성능 저하; 사실상 transfers limiting은 VM 보안 좋음.

### 섹션 23: 키링과 메모리/파일 시스템 관리 초기화
**로그 원본:**
```
[    1.817465] kernel: Initialise system trusted keyrings
[    1.817542] kernel: Key type blacklist registered
[    1.817694] kernel: workingset: timestamp_bits=36 max_order=23 bucket_order=0
[    1.821273] kernel: zbud: loaded
[    1.821952] kernel: squashfs: version 4.0 (2009/01/31) Phillip Lougher
[    1.822386] kernel: fuse: init (API version 7.34)
[    1.822892] kernel: integrity: Platform Keyring initialized
[    1.831088] kernel: Key type asymmetric registered
[    1.831150] kernel: Asymmetric key parser 'x509' registered
```

**상세 설명**: trusted keyrings/blacklist 초기화(보안 키 관리). workingset(메모리 페이지 관리) 설정(timestamp 36비트, max_order 23). zbud(압축 메모리 풀), squashfs 4.0(읽기 전용 압축 FS), fuse 7.34(사용자 공간 FS) 로드. integrity/platform keyring, asymmetric/x509 키 파서 등록.

**이해 쉽게 풀어쓰기**: keyrings는 암호 키 저장소, workingset은 메모리 효율 관리. squashfs/fuse는 특수 파일 시스템(예: 라이브 CD용).

**사실 기반과 비판적 검증**: IMA(Integrity Measurement Architecture) 지원. 비판적으로, x509 파서는 인증서 검증이나 squashfs 4.0은 오래됨(최신 버전 업그레이드 추천). 사실상 fuse API 7.34은 안정적.

### 섹션 24: 블록/SCSI와 IO 스케줄러 초기화
**로그 원본:**
```
[    1.831268] kernel: Block layer SCSI generic (bsg) driver version 0.4 loaded (major 243)
[    1.831458] kernel: io scheduler mq-deadline registered
```

**상세 설명**: bsg(SCSI generic) 드라이버 0.4 로드(major 243). mq-deadline IO 스케줄러 등록(멀티 큐 데드라인).

**이해 쉽게 풀어쓰기**: bsg는 SCSI 명령 전달, mq-deadline은 디스크 요청 순서화(SSD 최적).

**사실 기반과 비판적 검증**: bsg(커널 scsi/bsg.c)는 사용자 공간 SCSI. 비판적으로, mq-deadline은 SSD 좋으나 HDD 시 bfq 전환 고려. 사실상 major 243은 표준.

### 섹션 25: PCIe 포트 PME와 핫플러그 슬롯 설정
**로그 원본:**
```
[    1.832356] kernel: pcieport 0000:00:15.0: PME: Signaling with IRQ 24
[    1.832528] kernel: pcieport 0000:00:15.0: pciehp: Slot #160 AttnBtn+ PwrCtrl+ MRL- AttnInd- PwrInd- HotPlug+ Surprise- Interlock- NoCompl+ IbPresDis- LLActRep+
... (00:15.1 ~ 00:18.7 포트 PME/IRQ 25~55, 슬롯 161~263 반복)
[    1.872915] kernel: shpchp: Standard Hot Plug PCI Controller Driver version: 0.4
```

**상세 설명**: pcieport PME Signaling(IRQ 24~55), pciehp 슬롯(160~263) 등록(AttnBtn: 주의 버튼, HotPlug+ 등 기능).

**이해 쉽게 풀어쓰기**: PCIe 포트가 전력 이벤트 신호, 슬롯은 핫플러그 지원(장치 교체).

**사실 기반과 비판적 검증**: pciehp(drivers/pci/hotplug/pciehp.c)는 표준. 비판적으로, VM 슬롯 많아 관리 복잡 – 필요 시 비활성화. shpchp 0.4은 레거시 지원.

### 섹션 26: AC 어댑터/버튼/시리얼/AGP 초기화
**로그 원본:**
```
[    1.873553] kernel: ACPI: AC: AC Adapter [ACAD] (on-line)
[    1.873760] kernel: input: Power Button as /devices/LNXSYSTM:00/LNXPWRBN:00/input/input0
[    1.873920] kernel: ACPI: button: Power Button [PWRF]
[    1.875169] kernel: Serial: 8250/16550 driver, 32 ports, IRQ sharing enabled
[    1.879741] kernel: Linux agpgart interface v0.103
[    1.879959] kernel: agpgart-intel 0000:00:00.0: Intel 440BX Chipset
[    1.881006] kernel: agpgart-intel 0000:00:00.0: AGP aperture is 256M @ 0x0
```

**상세 설명**: AC 어댑터 on-line, Power Button 입력 등록. Serial 8250 드라이버 32포트(IRQ 공유). agpgart 0.103, Intel 440BX AGP 256MB aperture.

**이해 쉽게 풀어쓰기**: AC/버튼은 전원 관리, Serial은 콘솔 연결, agpgart은 그래픽 메모리 확장.

**사실 기반과 비판적 검증**: agpgart(legacy GPU)는 VM에서 유용하나 현대 GPU(i915) 대체. 비판적으로, Serial IRQ 공유는 지연 – 전용 IRQ 할당.

### 섹션 27: 루프/ATA/TUN/PPP/VFIO/USB 드라이버 로드
**로그 원본:**
```
[    1.885762] kernel: loop: module loaded
[    1.886125] kernel: ata_piix 0000:00:07.1: version 2.13
[    1.887085] kernel: scsi host0: ata_piix
[    1.887425] kernel: scsi host1: ata_piix
[    1.887550] kernel: ata1: PATA max UDMA/33 cmd 0x1f0 ctl 0x3f6 bmdma 0x1060 irq 14
[    1.887637] kernel: ata2: PATA max UDMA/33 cmd 0x170 ctl 0x376 bmdma 0x1068 irq 15
[    1.888068] kernel: tun: Universal TUN/TAP device driver, 1.6
[    1.888313] kernel: PPP generic driver version 2.4.2
[    1.888502] kernel: VFIO - User Level meta-driver version: 0.3
[    1.888707] kernel: ehci_hcd: USB 2.0 'Enhanced' Host Controller (EHCI) Driver
[    1.888792] kernel: ehci-pci: EHCI PCI platform driver
[    1.888871] kernel: ehci-platform: EHCI generic platform driver
[    1.888949] kernel: ohci_hcd: USB 1.1 'Open' Host Controller (OHCI) Driver
[    1.889029] kernel: ohci-pci: OHCI PCI platform driver
[    1.889107] kernel: ohci-platform: OHCI generic platform driver
[    1.889183] kernel: uhci_hcd: USB Universal Host Controller Interface driver
```

**상세 설명**: loop 모듈(파일을 디스크처럼), ata_piix 2.13(ATA 호스트, PATA UDMA/33), tun 1.6(VPN 터널), PPP 2.4.2(포인트 투 포인트), VFIO 0.3(장치 패스스루). USB 드라이버(EHCI/OHCI/UHCI) 로드.

**이해 쉽게 풀어쓰기**: loop는 ISO 마운트, ata_piix는 오래된 디스크, tun/PPP는 네트워크 터널, VFIO는 VM 장치 공유, USB는 주변기기 연결.

**사실 기반과 비판적 검증**: ata_piix(drivers/ata/ata_piix.c)는 PATA 지원. 비판적으로, UDMA/33은 느림 – SATA 전환. VFIO는 GPU 패스스루 좋으나 보안 위험.

### 섹션 28: 입력/RTC/I2C/Device Mapper/EISA/기타 초기화
**로그 원본:**
```
[    1.889422] kernel: i8042: PNP: PS/2 Controller [PNP0303:KBC,PNP0f13:MOUS] at 0x60,0x64 irq 1,12
[    1.890655] kernel: serio: i8042 KBD port at 0x60,0x64 irq 1
[    1.890730] kernel: serio: i8042 AUX port at 0x60,0x64 irq 12
[    1.891080] kernel: mousedev: PS/2 mouse device common for all mice
[    1.893072] kernel: rtc_cmos 00:01: registered as rtc0
[    1.893215] kernel: rtc_cmos 00:01: setting system clock to 2025-07-10T06:54:07 UTC (1752130447)
[    1.893448] kernel: rtc_cmos 00:01: alarms up to one month, y3k, 114 bytes nvram
[    1.893698] kernel: input: AT Translated Set 2 keyboard as /devices/platform/i8042/serio0/input/input1
[    1.893865] kernel: i2c_dev: i2c /dev entries driver
[    1.894016] kernel: device-mapper: core: CONFIG_IMA_DISABLE_HTABLE is disabled. Duplicate IMA measurements will not be recorded in the IMA log.
[    1.894324] kernel: device-mapper: uevent: version 1.0.3
[    1.894501] kernel: device-mapper: ioctl: 4.45.0-ioctl (2021-03-22) initialised: dm-devel@redhat.com
[    1.894637] kernel: platform eisa.0: Probing EISA bus 0
[    1.894702] kernel: platform eisa.0: EISA: Cannot allocate resource for mainboard
... (EISA 슬롯 1~8 리소스 실패)
[    1.895431] kernel: platform eisa.0: EISA: Detected 0 cards
[    1.895497] kernel: intel_pstate: CPU model not supported
[    1.895652] kernel: ledtrig-cpu: registered to indicate activity on CPUs
[    1.895914] kernel: drop_monitor: Initializing network drop monitor service
```

**상세 설명**: i8042 PS/2 컨트롤러(irq 1/12), serio 포트, mousedev. rtc_cmos 등록, 클록 설정(2025-07-10T06:54:07 UTC, 알람 1개월, nvram 114바이트). keyboard 입력, i2c_dev(I2C 디바이스). device-mapper(IMA htable disabled, uevent 1.0.3, ioctl 4.45). EISA 프로빙(0 cards, 리소스 실패). intel_pstate 미지원, ledtrig-cpu(CPU LED), drop_monitor(네트워크 드롭 모니터).

**이해 쉽게 풀어쓰기**: i8042는 키보드/마우스, rtc는 하드웨어 시계(늦은 시간 문제), device-mapper는 LVM/암호화, EISA는 옛 버스(감지 0). intel_pstate는 CPU 주파수 제어 미지원, ledtrig/drop_monitor는 모니터링.

**사실 기반과 비판적 검증**: rtc 설정 UNIX 타임 1752130447은 datetime.fromtimestamp(1752130447)로 확인(2025-07-10 06:54:07). 비판적으로, RTC 늦음은 로그 왜곡 – hwclock 동기화. IMA disabled는 중복 측정 미기록; 보안 강화 시 활성화. EISA 0은 예상; intel_pstate 미지원(VM CPU)은 cpupower로 generic governor 사용.

### 섹션 29: 네트워크 프로토콜 로드와 시스템 클록 안정화
**로그 원본**
```
[    1.896126] kernel: IPv6: Loaded, but administratively disabled, reboot required to enable
[    1.896221] kernel: NET: Registered PF_PACKET protocol family
[    1.896386] kernel: Key type dns_resolver registered
[    1.896974] kernel: IPI shorthand broadcast: enabled
[    1.897059] kernel: sched_clock: Marking stable (1879183737, 17653431)->(1907710988, -10873820)
[    1.897478] kernel: registered taskstats version 1
```

**상세 설명**: IPv6 모듈이 로드되었으나, 부팅 옵션(ipv6.disable=1)으로 인해 비활성화 상태입니다. 재부팅 후 활성화 가능합니다. PF_PACKET은 패킷 소켓 프로토콜(네트워크 캡처 도구처럼 사용), dns_resolver는 DNS 쿼리 키 타입 등록입니다. IPI(Inter-Processor Interrupt) shorthand broadcast는 CPU 간 인터럽트 효율화 기능입니다. sched_clock은 스케줄러 클록을 안정화(marking stable)하며, 숫자는 나노초 단위 타임스탬프 조정입니다. taskstats는 작업 통계 버전 등록입니다.

**통찰과 비판적 검증**: 정상적입니다. IPv6 비활성화는 의도적 설정으로, 네트워크 보안이나 호환성을 위해 선택된 듯하나 비판적으로 현대 시스템에서 IPv6를 비활성화하면 듀얼 스택 네트워크에서 문제(예: 연결 지연) 발생할 수 있습니다. 사실 기반으로 (Linux 커널 문서 참조), IPv6 로드는 기본이지만 재부팅 필요 메시지는 정확합니다. IPI enabled는 다중 CPU 효율 좋음. 클록 조정 값이 음수(-10873820 ns)지만, 이는 보정 과정으로 문제없음; 만약 시간 동기화 오류가 발생하면 ntpd 서비스 확인하세요.

### 섹션 30: X.509 인증서 로드와 블랙리스트
**로그 원본**
```
[    1.898003] kernel: Loading compiled-in X.509 certificates
[    1.899337] kernel: Loaded X.509 cert 'Build time autogenerated kernel key: 035a51e157d8f8fb29417c289aed7b275fa6279c'
[    1.900282] kernel: Loaded X.509 cert 'Canonical Ltd. Live Patch Signing: 14df34d1a87cf37625abec039ef2bf521249b969'
[    1.901223] kernel: Loaded X.509 cert 'Canonical Ltd. Kernel Module Signing: 88f752e560a1e0737e31163a466ad7b70a850c19'
[    1.901342] kernel: blacklist: Loading compiled-in revocation X.509 certificates
[    1.901451] kernel: Loaded X.509 cert 'Canonical Ltd. Secure Boot Signing: 61482aa2830d0ab2ad5af10b7250da9033ddcef0'
[    1.901633] kernel: Loaded X.509 cert 'Canonical Ltd. Secure Boot Signing (2017): 242ade75ac4a15e50d50c84b0d45ff3eae707a03'
[    1.901795] kernel: Loaded X.509 cert 'Canonical Ltd. Secure Boot Signing (ESM 2018): 365188c1d374d6b07c3c8f240f8ef722433d6a8b'
[    1.901956] kernel: Loaded X.509 cert 'Canonical Ltd. Secure Boot Signing (2019): c0746fd6c5da3ae827864651ad66ae47fe24b3e8'
[    1.902106] kernel: Loaded X.509 cert 'Canonical Ltd. Secure Boot Signing (2021 v1): a8d54bbb3825cfb94fa13c9f8a594a195c107b8d'
[    1.902266] kernel: Loaded X.509 cert 'Canonical Ltd. Secure Boot Signing (2021 v2): 4cf046892d6fd3c9a5b03f98d845f90851dc6a8c'
[    1.902417] kernel: Loaded X.509 cert 'Canonical Ltd. Secure Boot Signing (2021 v3): 100437bb6de6e469b581e61cd66bce3ef4ed53af'
[    1.902567] kernel: Loaded X.509 cert 'Canonical Ltd. Secure Boot Signing (Ubuntu Core 2019): c1d57b8f6b743f23ee41f4f7ee292f06eecadfb9'
```

**상세 설명**: 커널 빌드 시 내장된 X.509 인증서를 로드합니다. 이는 모듈 서명, Secure Boot, Live Patch 등 보안 기능에 사용됩니다. 'Build time autogenerated kernel key'는 자동 생성 키, Canonical Ltd. 키는 Ubuntu 공식 서명 키(연도별 버전 포함)입니다. blacklist는 취소된 인증서 로드로, 무효 키를 방지합니다.

**통찰과 비판적 검증**: 정상적입니다. Ubuntu 특유의 Secure Boot 지원으로, BIOS/UEFI에서 Secure Boot가 활성화된 경우 모듈 로드 보안이 강화됩니다. 비판적으로, 오래된 키(2017~2019)가 포함되어 있지만 취소 목록(revocation)이 로드되어 안전합니다. 사실 기반으로 (Canonical 문서 참조), 이 키들은 커널 무결성 검사에 필수; 만약 Secure Boot 오류 발생하면 BIOS 설정 확인하세요. VM에서 Secure Boot가 off일 수 있으니, 보안 강화 위해 on으로 전환 고려.

### 섹션 31: zswap, 키 타입 등록, initrd 메모리 해제
**로그 원본**
```
[    1.903728] kernel: zswap: loaded using pool lzo/zbud
[    1.904410] kernel: Key type .fscrypt registered
[    1.904468] kernel: Key type fscrypt-provisioning registered
[    3.484152] kernel: Freeing initrd memory: 103884K
[    3.489664] kernel: Key type encrypted registered
```

**상세 설명**: zswap은 메모리 압축 풀(lzo 알고리즘, zbud 할당기)로 스왑 성능 향상. .fscrypt와 fscrypt-provisioning은 파일 시스템 암호화 키 타입, encrypted는 전체 디스크 암호화 키입니다. initrd(초기 RAM 디스크) 메모리 103884K 해제합니다.

**통찰과 비판적 검증**: 정상적입니다. zswap 로드는 메모리 부족 시 유용하나, VM에서 스왑 과사용은 호스트 부하 증가. 비판적으로, fscrypt 등록은 디스크 암호화 준비지만, 실제 사용 안 하면 overhead. 사실 기반으로 (Linux 문서 참조), initrd 해제는 부팅 완료 신호; 메모리 양이 적절해 문제없음.

### 섹션 32: AppArmor, IMA/EVM 초기화, TPM 바이패스
**로그 원본**
```
[    3.489749] kernel: AppArmor: AppArmor sha1 policy hashing enabled
[    3.490008] kernel: ima: No TPM chip found, activating TPM-bypass!
[    3.490137] kernel: Loading compiled-in module X.509 certificates
[    3.491058] kernel: Loaded X.509 cert 'Build time autogenerated kernel key: 035a51e157d8f8fb29417c289aed7b275fa6279c'
[    3.491178] kernel: ima: Allocated hash algorithm: sha1
[    3.491248] kernel: ima: No architecture policies found
[    3.491324] kernel: evm: Initialising EVM extended attributes:
[    3.491391] kernel: evm: security.selinux
[    3.491441] kernel: evm: security.SMACK64
[    3.491491] kernel: evm: security.SMACK64EXEC
[    3.491545] kernel: evm: security.SMACK64TRANSMUTE
[    3.491602] kernel: evm: security.SMACK64MMAP
[    3.491655] kernel: evm: security.apparmor
[    3.491706] kernel: evm: security.ima
[    3.491752] kernel: evm: security.capability
[    3.491805] kernel: evm: HMAC attrs: 0x1
```

**상세 설명**: AppArmor(보안 모듈)가 SHA1 해싱으로 활성화. IMA(Integrity Measurement Architecture)는 TPM 칩 없어 바이패스 모드. 모듈 X.509 로드와 SHA1 할당. EVM(Extended Verification Module)은 파일 무결성 속성(SELinux, AppArmor 등) 초기화.

**통찰과 비판적 검증**: 정상적입니다. AppArmor enabled는 Ubuntu 기본 보안으로 좋음. 비판적으로, TPM 없음("No TPM chip found")은 VM 설정 미비로, IMA 바이패스 시 무결성 검사 약화(보안 취약점). 사실 기반으로 (Ubuntu 문서 참조), SHA1은 구식 해시지만 정책상 사용; TPM 추가 위해 VMware vTPM 활성화 추천. EVM 속성 나열은 포괄적.

### 섹션 33: PM, RAS, 클럭 비활성화, 메모리 해제
**로그 원본**
```
[    3.492384] kernel: PM:   Magic number: 1:283:923
[    3.492564] kernel: acpi PNP0501:19: hash matches
[    3.493106] kernel: RAS: Correctable Errors collector initialized.
[    3.493205] kernel: clk: Disabling unused clocks
[    3.496739] kernel: Freeing unused decrypted memory: 2036K
[    3.498008] kernel: Freeing unused kernel image (initmem) memory: 3376K
[    3.498231] kernel: Write protecting the kernel read-only data: 30720k
[    3.499485] kernel: Freeing unused kernel image (text/rodata gap) memory: 2036K
[    3.500145] kernel: Freeing unused kernel image (rodata/data gap) memory: 1308K
[    3.564404] kernel: x86/mm: Checked W+X mappings: passed, no W+X pages found.
[    3.564489] kernel: x86/mm: Checking user space page tables
[    3.625488] kernel: x86/mm: Checked W+X mappings: passed, no W+X pages found.
```

**상세 설명**: PM(Power Management) 매직 넘버, ACPI PNP0501(시리얼 포트) 해시 매치. RAS(Reliability, Availability, Serviceability)는 오류 수집기 초기화. 사용 안 한 클럭 비활성화. 미사용 메모리(암호화, 커널 이미지) 해제. 커널 읽기 전용 데이터 쓰기 보호. W+X 매핑(쓰기+실행 페이지) 검사 통과.

**통찰과 비판적 검증**: 정상적입니다. 메모리 해제 양이 적절해 효율 좋음. 비판적으로, RAS 초기화는 오류 감지 유용하나 VM에서 하드웨어 오류 드물음. 사실 기반으로 (x86 문서 참조), W+X passed는 Spectre 같은 취약점 방지; no pages found로 안전.

### 섹션 34: init 프로세스 시작
**로그 원본**
```
[    3.625584] kernel: Run /init as init process
[    3.625638] kernel:   with arguments:
[    3.625641] kernel:     /init
[    3.625643] kernel:     maybe-ubiquity
[    3.625645] kernel:   with environment:
[    3.625647] kernel:     HOME=/
[    3.625649] kernel:     TERM=linux
[    3.625651] kernel:     BOOT_IMAGE=/vmlinuz-5.15.0-136-generic
```

**상세 설명**: 커널 부팅 완료 후 사용자 공간으로 전환, /init 프로세스 실행. 아규먼트(maybe-ubiquity: 설치 관련), 환경 변수(HOME=루트, TERM=터미널 타입, BOOT_IMAGE=커널 이미지) 설정.

**통찰과 비판적 검증**: 정상적입니다. init 시작은 부팅 성공 신호. 비판적으로, maybe-ubiquity는 이미 설치된 시스템에서 불필요. 사실 기반으로, 환경 변수 표준.

### 섹션 35: SMBus, 드라이버 로드 (Fusion MPT, AHCI, vmxnet3)
**로그 원본**
```
[    3.942745] kernel: piix4_smbus 0000:00:07.3: SMBus Host Controller not enabled!
[    3.946717] kernel: Fusion MPT base driver 3.04.20
[    3.946918] kernel: Copyright (c) 1999-2008 LSI Corporation
[    3.957091] kernel: ahci 0000:02:01.0: version 3.0
[    3.959361] kernel: ahci 0000:02:01.0: AHCI 0001.0300 32 slots 30 ports 6 Gbps 0x3fffffff impl SATA mode
[    3.959476] kernel: ahci 0000:02:01.0: flags: 64bit ncq clo only 
[    3.965140] kernel: VMware vmxnet3 virtual NIC driver - version 1.6.0.0-k-NAPI
[    3.966883] kernel: Fusion MPT SPI Host driver 3.04.20
[    3.968031] kernel: vmxnet3 0000:03:00.0: # of Tx queues : 4, # of Rx queues : 4
[    3.970867] kernel: vmxnet3 0000:03:00.0 eth0: NIC Link is Up 10000 Mbps
[    3.970900] kernel: mptbase: ioc0: Initiating bringup
[    3.972427] kernel: vmxnet3 0000:0b:00.0: # of Tx queues : 4, # of Rx queues : 4
[    3.973589] kernel: vmxnet3 0000:0b:00.0 eth1: NIC Link is Up 10000 Mbps
```

**상세 설명**: SMBus 컨트롤러 비활성화 경고. Fusion MPT(LSI SCSI 드라이버) 로드. AHCI(SATA 컨트롤러) 버전 3.0, 30 포트 6Gbps 지원. vmxnet3(VMware 네트워크 드라이버) 로드, Tx/Rx 큐 4개, NIC 링크 10Gbps 업. mptbase는 SCSI 초기화.

**통찰과 비판적 검증**: 정상적입니다. SMBus not enabled는 기능 미사용으로 무시 가능. 비판적으로, Fusion MPT는 오래된 드라이버(2008 copyright)지만 VM 디스크에 적합. 사실 기반으로, vmxnet3 링크 업은 네트워크 준비; 10Gbps는 VM 최적화 드라이버 덕분.

### 섹션 36: SCSI 호스트와 입력 디바이스
**로그 원본**
```
[    3.985573] kernel: scsi host2: ahci
[    3.986104] kernel: scsi host3: ahci
... (scsi host4 ~ host31 나열, 총 30개 호스트)
[    4.007164] kernel: cryptd: max_cpu_qlen set to 1000
[    4.008320] kernel: input: VirtualPS/2 VMware VMMouse as /devices/platform/i8042/serio1/input/input4
[    4.008794] kernel: input: VirtualPS/2 VMware VMMouse as /devices/platform/i8042/serio1/input/input3
[    4.009900] kernel: scsi host21: ahci
... (scsi host22 ~ host31 이어짐)
```

**상세 설명**: AHCI로 SCSI 호스트(scsi host2 ~ host31) 등록, SATA 포트 매핑. cryptd는 암호화 큐 길이 1000 설정. VirtualPS/2 VMware VMMouse는 가상 마우스 입력 디바이스.

**통찰과 비판적 검증**: 정상적입니다. 호스트 많음은 VM 에뮬레이션. 비판적으로, 사용 안 한 포트가 많아 리소스 낭비 가능. 사실 기반으로, 입력 디바이스 등록은 콘솔 사용 준비; VM에서 마우스 캡처 유용.

### 섹션 37: AVX/AES 최적화와 ATA 포트 설정
**로그 원본**
```
[    4.021207] kernel: AVX version of gcm_enc/dec engaged.
[    4.021327] kernel: AES CTR mode by8 optimization enabled
[    4.021451] kernel: ata3: SATA max UDMA/133 abar m4096@0xfd5ff000 port 0xfd5ff100 irq 56
... (ata4 ~ ata32 포트 설정 나열)
```

**상세 설명**: AVX(Advanced Vector Extensions)로 GCM 암호화 최적화, AES CTR 모드 by8(8바이트 병렬) 활성화. ATA 포트(ata3 ~ ata32)는 SATA 속도(UDMA/133), 메모리 바(abar), IRQ 설정.

**통찰과 비판적 검증**: 정상적입니다. AVX/AES는 CPU 지원으로 암호화 속도 향상. 비판적으로, UDMA/133은 오래된 표준(150MB/s)으로 VM 한계; 실제 속도 6Gbps. 사실 기반으로, IRQ 56 공유는 효율적.

### 섹션 38: vmwgfx 그래픽 초기화
**로그 원본**
```
[    4.032824] kernel: vmwgfx 0000:00:0f.0: vgaarb: deactivate vga console
[    4.033586] kernel: Console: switching to colour dummy device 80x25
[    4.035920] kernel: [TTM] Zone  kernel: Available graphics memory: 16431822 KiB
[    4.035929] kernel: [TTM] Zone   dma32: Available graphics memory: 2097152 KiB
[    4.035975] kernel: vmwgfx 0000:00:0f.0: [drm] FIFO at 0x00000000fe000000 size is 8192 kiB
[    4.036206] kernel: vmwgfx 0000:00:0f.0: [drm] VRAM at 0x00000000e8000000 size is 131072 kiB
[    4.036247] kernel: vmwgfx 0000:00:0f.0: [drm] Running on SVGA version 2.
[    4.036267] kernel: vmwgfx 0000:00:0f.0: [drm] DMA map mode: Caching DMA mappings.
[    4.036372] kernel: vmwgfx 0000:00:0f.0: [drm] Legacy memory limits: VRAM = 4096 kB, FIFO = 256 kB, surface = 0 kB
[    4.036384] kernel: vmwgfx 0000:00:0f.0: [drm] MOB limits: max mob size = 131072 kB, max mob pages = 4096
[    4.036399] kernel: vmwgfx 0000:00:0f.0: [drm] Capabilities: rect copy, cursor, cursor bypass, cursor bypass 2, 8bit emulation, alpha cursor, extended fifo, multimon, pitchlock, irq mask, display topology, gmr, traces, gmr2, screen object 2, command buffers, command buffers 2, gbobject, dx, hp cmd queue, 
[    4.036421] kernel: vmwgfx 0000:00:0f.0: [drm] Max GMR ids is 64
[    4.036428] kernel: vmwgfx 0000:00:0f.0: [drm] Max number of GMR pages is 65536
[    4.036436] kernel: vmwgfx 0000:00:0f.0: [drm] Maximum display memory size is 16384 kiB
[    4.041462] kernel: vmwgfx 0000:00:0f.0: [drm] Screen Target display unit initialized
[    4.044899] kernel: vmwgfx 0000:00:0f.0: [drm] Fifo max 0x00040000 min 0x00001000 cap 0x0000077f
[    4.050103] kernel: vmwgfx 0000:00:0f.0: [drm] Using command buffers with DMA pool.
[    4.050125] kernel: vmwgfx 0000:00:0f.0: [drm] Available shader model: Legacy.
[    4.053925] kernel: fbcon: svgadrmfb (fb0) is primary device
[    4.056520] kernel: Console: switching to colour frame buffer device 100x37
[    4.066577] kernel: [drm] Initialized vmwgfx 2.19.0 20210722 for 0000:00:0f.0 on minor 0
```

**상세 설명**: vmwgfx(VMware 그래픽 드라이버)가 VGA 콘솔 비활성화, 더미 콘솔 전환. TTM(Translation Table Maps)으로 그래픽 메모리(16GB kernel, 2GB dma32) 할당. FIFO/VRAM 크기, SVGA 버전 2, DMA 모드, 기능 목록(커서, FIFO 등) 초기화. Max GMR(Graphic Memory Region) 64, 디스플레이 메모리 16MB. fbcon은 프레임버퍼 콘솔, drm 초기화.

**통찰과 비판적 검증**: 정상적입니다. VM 그래픽 안정화로 콘솔 출력 준비. 비판적으로, Legacy shader model은 오래된 기능으로 그래픽 성능 제한(서버 VM에 적합하지만 GUI 느림). 사실 기반으로, 2021 드라이버 버전은 안정; 콘솔 전환(80x25 -> 100x37)은 해상도 업그레이드.

### 섹션 39: SCSI 초기화와 인터페이스 이름 변경
**로그 원본**
```
[    4.089896] kernel: ioc0: LSI53C1030 B0: Capabilities={Initiator}
[    4.099662] kernel: vmxnet3 0000:0b:00.0 ens192: renamed from eth1
[    4.122119] kernel: vmxnet3 0000:03:00.0 ens160: renamed from eth0
```

**상세 설명**: LSI SCSI 컨트롤러(ioc0) 초기화. vmxnet3 네트워크 인터페이스 이름 변경(eth0 -> ens160, eth1 -> ens192).

**통찰과 비판적 검증**: 정상적입니다. 이름 변경은 systemd 네이밍 규칙(Predictable Network Interface Names). 비판적으로, eth0/1에서 ens로 변경 시 스크립트 호환 문제 가능. 사실 기반으로, Initiator는 SCSI 마스터 모드.

### 섹션 40: SATA 링크 상태와 CD-ROM 감지
**로그 원본**
```
[    4.340052] kernel: ata5: SATA link down (SStatus 0 SControl 300)
[    4.340218] kernel: ata3: SATA link up 6.0 Gbps (SStatus 133 SControl 300)
[    4.340458] kernel: ata4: SATA link down (SStatus 0 SControl 300)
... (ata6 ~ ata31 link down/up 나열, 대부분 down)
[    4.358900] kernel: sr 2:0:0:0: [sr0] scsi3-mmc drive: 1x/1x writer dvd-ram cd/rw xa/form2 cdda tray
[    4.361448] kernel: cdrom: Uniform CD-ROM driver Revision: 3.20
[    4.378361] kernel: scsi host32: ioc0: LSI53C1030 B0, FwRev=01032920h, Ports=1, MaxQ=128, IRQ=17
[    4.410384] kernel: sr 2:0:0:0: Attached scsi CD-ROM sr0
[    4.410475] kernel: sr 2:0:0:0: Attached scsi generic sg0 type 5
```

**상세 설명**: SATA 포트 상태(link up/down), ata3은 CD-ROM으로 up. sr0은 가상 CD 드라이버, cdrom 드라이버 버전 3.20. SCSI 호스트(ioc0) 상세(FwRev 등). sr0 attached는 CD-ROM 연결.

**통찰과 비판적 검증**: 정상적입니다. 대부분 link down은 미사용 포트. 비판적으로, VM에서 불필요 포트 많아 리소스 낭비. 사실 기반으로, CD-ROM은 ISO 마운트용; generic sg0은 SCSI 제네릭 인터페이스.

### 섹션 41: 디스크 감지와 도메인 검증
**로그 원본**
```
[    4.565941] kernel: scsi 32:0:0:0: Direct-Access     VMware   Virtual disk     2.0  PQ: 0 ANSI: 6
[    4.568299] kernel: mptbase: ioc1: Initiating bringup
[    4.581673] kernel: scsi target32:0:0: Beginning Domain Validation
[    4.583774] kernel: scsi target32:0:0: Domain Validation skipping write tests
[    4.585274] kernel: scsi target32:0:0: Ending Domain Validation
[    4.586708] kernel: scsi target32:0:0: FAST-80 WIDE SCSI 160.0 MB/s DT (12.5 ns, offset 127)
... (sdb, sdc 비슷하게 검증과 attached)
[    4.638794] kernel: sd 32:0:0:0: Attached scsi generic sg1 type 0
[    4.639027] kernel: sd 32:0:0:0: [sda] 104857600 512-byte logical blocks: (53.7 GB/50.0 GiB)
[    4.640844] kernel: sd 32:0:1:0: [sdb] 33554432 512-byte logical blocks: (17.2 GB/16.0 GiB)
... (sdc 21.5 GB, Write Protect off, Mode Sense, Cache unavailable, Assuming write through)
[    4.693465] kernel:  sda: sda1 sda2 sda3
[    4.695940] kernel: sd 32:0:0:0: [sda] Attached SCSI disk
[    4.930484] kernel: scsi host33: ioc1: LSI53C1030 B0, FwRev=01032920h, Ports=1, MaxQ=128, IRQ=16
```

**상세 설명**: SCSI 디스크(VMware Virtual disk) 감지, 도메인 검증(속도 FAST-80, 160MB/s). sd attached와 블록 크기(512바이트), 용량, 파티션(sda1~3) 나열. Cache unavailable로 write through 가정.

**통찰과 비판적 검증**: 정상적입니다. 디스크 3개(sda 50GB, sdb 16GB, sdc 20GB)로 VM 스토리지. 비판적으로, Cache unavailable은 VM 한계로 I/O 성능 저하; paravirtualized 드라이버 사용 추천. 사실 기반으로, 검증 skipping은 빠른 부팅.

### 섹션 42: RAID6, XOR, async_tx 초기화
**로그 원본**
```
[    5.821664] kernel: raid6: sse2x4   gen()  7924 MB/s
... (다양한 raid6 알고리즘 속도 테스트)
[    6.163541] kernel: raid6: using algorithm sse2x2 gen() 7936 MB/s
[    6.165420] kernel: raid6: .... xor() 4202 MB/s, rmw enabled
[    6.167315] kernel: raid6: using ssse3x2 recovery algorithm
[    6.170706] kernel: xor: automatically using best checksumming function   avx       
[    6.173903] kernel: async_tx: api initialized (async)
```

**상세 설명**: RAID6 알고리즘 속도 테스트(SSE2 기반), 최적 sse2x2 선택. XOR 체크섬 함수 AVX 선택. async_tx는 비동기 TX API 초기화.

**통찰과 비판적 검증**: 정상적입니다. RAID 사용 시 유용하나, VM에서 소프트웨어 RAID는 성능 저하. 비판적으로, SSE2는 구식 CPU 최적화. 사실 기반으로, AVX 선택은 현대 CPU 효율.

### 섹션 43: 파일 시스템 로드와 마운트
**로그 원본**
```
[    6.371687] kernel: Btrfs loaded, crc32c=crc32c-intel, zoned=yes, fsverity=yes
[    6.584433] kernel: EXT4-fs (dm-0): mounted filesystem with ordered data mode. Opts: (null). Quota mode: none.
[   29.345040] kernel: EXT4-fs (sda2): mounted filesystem with ordered data mode. Opts: (null). Quota mode: none.
```

**상세 설명**: Btrfs 파일 시스템 로드(CRC32C, zoned, fsverity 지원). EXT4 루트(dm-0, LVM)와 sda2 마운트, ordered data 모드, Quota off.

**통찰과 비판적 검증**: 정상적입니다. EXT4는 안정, Btrfs는 옵션. 비판적으로, Quota none은 사용자 제한 없음(보안 취약). 사실 기반으로, Opts (null)은 기본 설정.

### 섹션 44: systemd 시작과 서비스 초기화
**로그 원본**
```
[   11.383287] systemd[1]: Inserted module 'autofs4'
[   12.094679] systemd[1]: systemd 249.11-0ubuntu3.16 running in system mode (+PAM +AUDIT +SELINUX +APPARMOR +IMA +SMACK +SECCOMP +GCRYPT +GNUTLS +OPENSSL +ACL +BLKID +CURL +ELFUTILS +FIDO2 +IDN2 -IDN +IPTC +KMOD +LIBCRYPTSETUP +LIBFDISK +PCRE2 -PWQUALITY -P11KIT -QRENCODE +BZIP2 +LZ4 +XZ +ZLIB +ZSTD -XKBCOMMON +UTMP +SYSVINIT default-hierarchy=unified)
[   12.104671] systemd[1]: Detected virtualization vmware.
[   12.107203] systemd[1]: Detected architecture x86-64.
[   12.250746] systemd[1]: Hostname set to <k1>.
[   16.458453] systemd[1]: Configuration file /run/systemd/system/netplan-ovs-cleanup.service is marked world-inaccessible. This has no effect as configuration data is accessible via APIs without restrictions. Proceeding anyway.
[   17.044483] systemd[1]: /lib/systemd/system/snapd.service:23: Unknown key name 'RestartMode' in section 'Service', ignoring.
[   17.689169] systemd[1]: Binding to IPv6 address not available since kernel does not support IPv6.
[   17.692037] systemd[1]: Binding to IPv6 address not available since kernel does not support IPv6.
[   19.652295] systemd[1]: Queued start job for default target Multi-User System.
[   19.657008] systemd[1]: Created slice Virtual Machine and Container Slice.
... (systemd 슬라이스, 타겟, 소켓, 마운트, 서비스 시작 나열)
[   20.354803] systemd[1]: Started Journal Service.
```

**상세 설명**: autofs4 모듈 삽입. systemd 버전 249.11, VM/아키텍처 감지, 호스트네임 <k1> 설정. netplan-ovs-cleanup 파일 권한 경고(무시), snapd 서비스 키 무시. IPv6 바인딩 실패(비활성화 때문). Multi-User 타겟 큐, 슬라이스(VM/Container) 생성, 다양한 소켓/마운트/서비스 시작. Journal Service 시작.

**통찰과 비판적 검증**: 정상적입니다. systemd는 Ubuntu 서비스 관리자. 비판적으로, IPv6 실패는 부팅 옵션 문제; RestartMode 무시는 snapd 설정 오류 가능(업데이트 확인). 사실 기반으로, world-inaccessible 경고는 API 접근 허용으로 실질 영향 없음.

### 섹션 45: 멀티패스, 브리지, 루프 디바이스
**로그 원본**
```
[   20.389022] kernel: alua: device handler registered
[   20.404462] kernel: emc: device handler registered
[   20.415998] kernel: rdac: device handler registered
[   20.719300] kernel: bridge: filtering via arp/ip/ip6tables is no longer available by default. Update your scripts to load br_netfilter if you need this.
[   20.895027] kernel: Bridge firewalling registered
[   23.322604] kernel: loop0: detected capacity change from 0 to 213392
... (loop1 ~ loop5, loop100 용량 변경)
```

**상세 설명**: 멀티패스 핸들러(alua, emc, rdac) 등록. bridge 모듈 로드, 필터링 경고(br_netfilter 필요 시). Bridge firewall 등록. loop 디바이스(가상 파일 시스템) 용량 변경(snap 패키지 관련).

**통찰과 비판적 검증**: 정상적입니다. 멀티패스는 스토리지 redundancy. 비판적으로, bridge 필터링 경고는 iptables 호환성 문제; 스크립트 업데이트 필수. 사실 기반으로, loop 변경은 snap 설치 과정.

### 섹션 46: vmw_vmci, RAPL, audit 로그
**로그 원본**
```
[   26.483635] kernel: loop100: detected capacity change from 0 to 25165824
[   27.257007] kernel: vmw_vmci 0000:00:07.7: Using capabilities 0xc
[   27.293490] kernel: Guest personality initialized and is active
[   27.313696] kernel: VMCI host device registered (name=vmci, major=10, minor=123)
[   27.313700] kernel: Initialized host personality
[   27.858557] kernel: RAPL PMU: API unit is 2^-32 Joules, 0 fixed counters, 10737418240 ms ovfl timer
[   28.211464] kernel: audit: type=1400 audit(1752130473.816:2): apparmor="STATUS" operation="profile_load" profile="unconfined" name="snap-update-ns.core" pid=676 comm="apparmor_parser"
... (AppArmor audit 로그 나열, snap 관련 프로필 로드)
```

**상세 설명**: 추가 loop 변경. vmw_vmci(VMware VMCI) 초기화, 게스트/호스트 통신. RAPL(Power Limit) PMU 초기화. audit 로그는 AppArmor 프로필 로드(snap-update-ns.core 등).

**통찰과 비판적 검증**: 정상적입니다. VMCI는 VMware Tools 기능. 비판적으로, RAPL fixed counters 0은 VM 한계로 전력 모니터링 제한. 사실 기반으로, audit type=1400은 AppArmor 상태; unconfined는 제한 없음(보안 약화 가능).

### 섹션 47: EXT4 마운트, RPC/NFS, VSOCK
**로그 원본**
```
[   29.345040] kernel: EXT4-fs (sda2): mounted filesystem with ordered data mode. Opts: (null). Quota mode: none.
[   41.650420] kernel: RPC: Registered named UNIX socket transport module.
[   41.650424] kernel: RPC: Registered udp transport module.
[   41.650426] kernel: RPC: Registered tcp transport module.
[   41.650428] kernel: RPC: Registered tcp NFSv4.1 backchannel transport module.
[   42.910494] kernel: NET: Registered PF_VSOCK protocol family
```

**상세 설명**: sda2 EXT4 마운트. RPC/NFS 프로토콜 등록(파일 공유). PF_VSOCK은 VM 소켓 프로토콜.

**통찰과 비판적 검증**: 정상적입니다. NFS는 공유 스토리지 유용. 비판적으로, VSOCK은 VM 통신으로 보안 주의. 사실 기반으로, backchannel은 NFSv4.1 기능.

### 섹션 48: vmxnet3 인터럽트, OVS 브리지
**로그 원본**
```
[   60.471890] kernel: vmxnet3 0000:0b:00.0 ens192: intr type 3, mode 0, 5 vectors allocated
[   60.473109] kernel: vmxnet3 0000:0b:00.0 ens192: NIC Link is Up 10000 Mbps
[   60.481252] kernel: vmxnet3 0000:03:00.0 ens160: intr type 3, mode 0, 5 vectors allocated
[   60.482441] kernel: vmxnet3 0000:03:00.0 ens160: NIC Link is Up 10000 Mbps
[   70.661235] kernel: openvswitch: Open vSwitch switching datapath
[   71.338284] kernel: device ovs-system entered promiscuous mode
[   71.340920] kernel: Timeout policy base is empty
[   71.547329] kernel: device br-tun entered promiscuous mode
[   71.553136] kernel: device br-int entered promiscuous mode
```

**상세 설명**: vmxnet3 인터럽트 벡터 할당, 링크 업. Open vSwitch(OVS) datapath 로드, 브리지(ovs-system, br-tun, br-int) promiscuous 모드(패킷 캡처 허용).

**통찰과 비판적 검증**: 정상적입니다. OVS는 SDN(네트워크 가상화)로 컨테이너 환경. 비판적으로, promiscuous 모드는 보안 위험(방화벽 필수). 사실 기반으로, Timeout empty는 기본 설정.

### 섹션 49: max_sectors 조정과 db_root 오류
**로그 원본**
```
[   75.910959] kernel: Rounding down aligned max_sectors from 4294967295 to 4294967288
[   75.911042] kernel: db_root: cannot open: /etc/target
```

**상세 설명**: max_sectors(디스크 섹터 크기) 조정(하드웨어 한계). db_root는 iSCSI 타겟 설정 파일 열기 실패.

**통찰과 비판적 검증**: 정상적입니다. 섹터 조정은 호환성. 비판적으로, db_root cannot open은 iSCSI 미설치로 무시 가능하지만, 스토리지 공유 시 설치 필요. 사실 기반으로, /etc/target 없으면 기본.
